// Jest Snapshot v1, https://goo.gl/fbAQLP

exports[`Sider should render correctly 1`] = `
<Sider
  collapsedWidth={80}
  collapsible={true}
  defaultCollapsed={false}
  prefixCls="ant-layout-sider"
  reverseArrow={false}
  style={Object {}}
  width={200}
>
  <Menu
    className=""
    defaultSelectedKeys={
      Array [
        "1",
      ]
    }
    mode="inline"
    prefixCls="ant-menu"
    theme="dark"
  >
    <MenuItem
      key="1"
    >
      <Link
        replace={false}
        to="/"
      >
        <Icon
          type="heart-o"
        />
        <span>
          All pokemons
        </span>
      </Link>
    </MenuItem>
    <MenuItem
      key="2"
    >
      <Link
        replace={false}
        to="/favourites"
      >
        <Icon
          type="star-o"
        />
        <span>
          Favourite pokemons
        </span>
      </Link>
    </MenuItem>
  </Menu>
</Sider>
`;
