// Jest Snapshot v1, https://goo.gl/fbAQLP

exports[`Pokemons should render correctly 1`] = `
<React.Fragment>
  <Row
    className="row-pokemons"
    gutter={0}
  >
    <Col
      key="ex8-98"
      xs={6}
    >
      <Card
        cover={
          <img
            alt="ex8-98"
            src="https://images.pokemontcg.io/ex8/98.png"
          />
        }
      >
        <div>
          <Row
            gutter={0}
          >
            <Col
              xs={18}
            >
              <b>
                Deoxys ex
              </b>
               
              <br />
              Pokémon
               
              <br />
              HP: 
              110
            </Col>
            <Col
              xs={6}
            >
              <Icon
                onClick={[Function]}
                type="heart-o"
              />
            </Col>
          </Row>
        </div>
      </Card>
    </Col>
  </Row>
  <Row
    className="home-pagination"
    gutter={0}
  >
    <Pagination
      defaultCurrent={1}
      pageSize={20}
      prefixCls="ant-pagination"
      selectPrefixCls="ant-select"
      total={2}
    />
  </Row>
</React.Fragment>
`;
